// Jest Snapshot v1, https://goo.gl/fbAQLP

exports[`Button snap 1`] = `
<button
  class="m-2 undefined"
>
  
</button>
`;
